// Vitest Snapshot v1, https://vitest.dev/guide/snapshot.html

exports[`solid cutouts > 2×2 solid with 3×2 grid array of circles 1`] = `3972`;

exports[`solid cutouts > 2×2 solid with chamfered + scooped rectangle cutout 1`] = `4012`;

exports[`solid cutouts > 2×2 solid with chamfered circle cutout 1`] = `4116`;

exports[`solid cutouts > 2×2 solid with chamfered ellipse cutout 1`] = `3952`;

exports[`solid cutouts > 2×2 solid with chamfered hexagon cutout 1`] = `3818`;

exports[`solid cutouts > 2×2 solid with chamfered path cutout 1`] = `3756`;

exports[`solid cutouts > 2×2 solid with chamfered rectangle cutout 1`] = `3633`;

exports[`solid cutouts > 2×2 solid with chamfered slot cutout 1`] = `4485`;

exports[`solid cutouts > 2×2 solid with circle cutout 1`] = `3862`;

exports[`solid cutouts > 2×2 solid with curved path cutout (bezier handles) 1`] = `3884`;

exports[`solid cutouts > 2×2 solid with ellipse cutout 1`] = `3996`;

exports[`solid cutouts > 2×2 solid with grouped cutouts 1`] = `3810`;

exports[`solid cutouts > 2×2 solid with hexagon (polygon) cutout 1`] = `3780`;

exports[`solid cutouts > 2×2 solid with hexagon cutout + insertion clearance 1`] = `3798`;

exports[`solid cutouts > 2×2 solid with path cutout + insertion clearance 1`] = `3748`;

exports[`solid cutouts > 2×2 solid with path cutout having closing bezier curve 1`] = `3924`;

exports[`solid cutouts > 2×2 solid with radial array (rotate-to-center) 1`] = `4596`;

exports[`solid cutouts > 2×2 solid with rectangle cutout 1`] = `3810`;

exports[`solid cutouts > 2×2 solid with rectangle with scoop cutout 1`] = `4184`;

exports[`solid cutouts > 2×2 solid with rectangle, edge gate disables a single wall 1`] = `3656`;

exports[`solid cutouts > 2×2 solid with rectangle, split scoop (W only) cuts only left/right walls 1`] = `3868`;

exports[`solid cutouts > 2×2 solid with rotated 45° cutout 1`] = `3794`;

exports[`solid cutouts > 2×2 solid with rounded-rectangle cutout 1`] = `4008`;

exports[`solid cutouts > 2×2 solid with scooped path cutout 1`] = `3586`;

exports[`solid cutouts > 2×2 solid with slot (stadium) cutout 1`] = `4088`;

exports[`solid cutouts > 2×2 solid with staggered hex array 1`] = `3564`;

exports[`solid cutouts > 2×2 solid with topOffset 1`] = `3844`;

exports[`solid cutouts > 2×2 solid with triangular path cutout 1`] = `3744`;
