// Vitest Snapshot v1, https://vitest.dev/guide/snapshot.html

exports[`base styles > flat base no lip 1`] = `300`;

exports[`base styles > flat base with lip 1`] = `1500`;

exports[`base styles > magnet base no lip 1`] = `960`;

exports[`base styles > magnet base with lip 1`] = `2552`;

exports[`base styles > magnet+screw base no lip 1`] = `1136`;

exports[`base styles > magnet+screw base with lip 1`] = `2824`;

exports[`base styles > screw base no lip 1`] = `896`;

exports[`base styles > screw base with lip 1`] = `2440`;

exports[`base styles > standard base no lip 1`] = `720`;

exports[`base styles > standard base with lip 1`] = `2168`;

exports[`base styles > weighted base no lip 1`] = `720`;

exports[`base styles > weighted base with lip 1`] = `2168`;
