// Vitest Snapshot v1, https://vitest.dev/guide/snapshot.html

exports[`inserts > 2×2 with circle insert 1`] = `4576`;

exports[`inserts > 2×2 with hexagon insert 1`] = `4576`;

exports[`inserts > 2×2 with rectangle insert 1`] = `4192`;

exports[`inserts > 2×2 with rounded-rect insert 1`] = `4432`;

exports[`inserts > 2×2 with slot insert 1`] = `4472`;

exports[`multiple inserts > 2×2 with 2 circle inserts 1`] = `4704`;
