// Vitest Snapshot v1, https://vitest.dev/guide/snapshot.html

exports[`scoop + lip interaction > scoop with lip (single compartment, front-row offset active) 1`] = `3924`;

exports[`scoop + lip interaction > scoop with lip + 2 rows (front-row offset vs interior-row) 1`] = `4514`;

exports[`scoop > 2×2 scoop auto radius 1`] = `3924`;

exports[`scoop > 2×2 scoop disabled 1`] = `2796`;

exports[`scoop > 2×2 scoop radius 10mm 1`] = `3956`;
