// Vitest Snapshot v1, https://vitest.dev/guide/snapshot.html

exports[`asymmetric dimensions > 0.5×4 extreme asymmetry 1`] = `2556`;

exports[`base styles > flat base no lip 1`] = `252`;

exports[`base styles > flat base with lip 1`] = `812`;

exports[`base styles > magnet base no lip 1`] = `804`;

exports[`base styles > magnet base with lip 1`] = `1820`;

exports[`base styles > magnet+screw base no lip 1`] = `1028`;

exports[`base styles > magnet+screw base with lip 1`] = `2188`;

exports[`base styles > screw base no lip 1`] = `692`;

exports[`base styles > screw base with lip 1`] = `1660`;

exports[`base styles > standard base no lip 1`] = `468`;

exports[`base styles > standard base with lip 1`] = `1292`;

exports[`base styles > weighted base no lip 1`] = `468`;

exports[`base styles > weighted base with lip 1`] = `1292`;

exports[`bin styles > 2×2 slotted 1`] = `3092`;

exports[`bin styles > 2×2 solid 1`] = `2548`;

exports[`bin styles > 2×2 standard 1`] = `2732`;

exports[`combined features > 1.5×2 flat + slotted + 3×2 merged compartments 1`] = `1172`;

exports[`combined features > 2×2 compartments + insert (overlap interaction) 1`] = `3228`;

exports[`combined features > 2×2 label tabs with merged compartments 1`] = `4996`;

exports[`combined features > 2×2 standard + lip + 2×2 compartments + scoop 1`] = `7220`;

exports[`combined features > 4×4 magnet + label bracket + half-sockets 1`] = `18048`;

exports[`compartments > 2×2 bin with 1×1 (none) compartments 1`] = `2732`;

exports[`compartments > 2×2 bin with 2×2 compartments 1`] = `3444`;

exports[`compartments > 2×2 bin with 3×2 merged top-left compartments 1`] = `3544`;

exports[`compartments > 2×2 bin with 4×4 dense grid compartments 1`] = `5188`;

exports[`custom-shape > 1.5×1.5 half-bin L user halfSockets off 1`] = `2760`;

exports[`custom-shape > 1.5×1.5 half-bin L with lip 1`] = `5160`;

exports[`custom-shape > 2×2 mixed-detail per-cell half sockets 1`] = `4202`;

exports[`custom-shape > 3×3 L flat base no lip 1`] = `260`;

exports[`custom-shape > 3×3 L with lip 1`] = `5124`;

exports[`custom-shape > 3×3 O-shape (ring) with lip 1`] = `5464`;

exports[`custom-shape > 3×3 T with lip 1`] = `4156`;

exports[`custom-shape > 3×3 U with lip 1`] = `5126`;

exports[`dimensions > 0.5×0.5 no lip 1`] = `468`;

exports[`dimensions > 0.5×0.5 with lip 1`] = `1292`;

exports[`dimensions > 1.5×2 fractional no lip 1`] = `1260`;

exports[`dimensions > 1.5×2 fractional with lip 1`] = `2732`;

exports[`dimensions > 1×1 no lip 1`] = `468`;

exports[`dimensions > 1×1 with lip 1`] = `1292`;

exports[`dimensions > 2×2 no lip 1`] = `1260`;

exports[`dimensions > 2×2 with lip 1`] = `2732`;

exports[`dimensions > 4×4 no lip 1`] = `3500`;

exports[`dimensions > 4×4 with lip 1`] = `7932`;

exports[`export mode > 2×2 default params (forExport=true) 1`] = `5148`;

exports[`half-sockets > 1.5×1.5 with half sockets 1`] = `5132`;

exports[`half-sockets > 1×1 with half sockets 1`] = `2732`;

exports[`half-sockets > 2×2 with half sockets 1`] = `8492`;

exports[`height > 2×2 height minimum (2u) 1`] = `2732`;

exports[`height > 2×2 height tall (10u) 1`] = `2732`;

exports[`honeycomb junction > 2×2 bin, 2×1 compartments + front + interior cutouts 1`] = `6556`;

exports[`honeycomb junction > 2×2 bin, 2×1 compartments + front cutout 1`] = `6492`;

exports[`honeycomb junction > 2×2 bin, 2×1 compartments, cutouts on (sides off) 1`] = `6592`;

exports[`honeycomb junction > 2×2 bin, 2×1 compartments, no cutouts 1`] = `6592`;

exports[`honeycomb junction > 2×2 bin, 2×2 compartments + interior cutouts 1`] = `6880`;

exports[`honeycomb junction > 2×2 bin, 2×2 compartments, no cutouts 1`] = `6736`;

exports[`honeycomb junction > 2×2×4 honeycomb baseline (no dividers) 1`] = `6540`;

exports[`inserts > 2×2 with circle insert 1`] = `3000`;

exports[`inserts > 2×2 with hexagon insert 1`] = `3000`;

exports[`inserts > 2×2 with rectangle insert 1`] = `2768`;

exports[`inserts > 2×2 with rounded-rect insert 1`] = `2896`;

exports[`inserts > 2×2 with slot insert 1`] = `2944`;

exports[`label tabs > 2×2 label bracket center 1`] = `3340`;

exports[`label tabs > 2×2 label bracket left 1`] = `3340`;

exports[`label tabs > 2×2 label bracket right 1`] = `3340`;

exports[`label tabs > 2×2 label disabled 1`] = `2732`;

exports[`label tabs > 2×2 label solid left 1`] = `3232`;

exports[`large bin > 8×8 standard 1`] = `23156`;

exports[`multiple inserts > 2×2 with 2 circle inserts 1`] = `3224`;

exports[`scoop + lip interaction > scoop with lip (single compartment, front-row offset active) 1`] = `3816`;

exports[`scoop + lip interaction > scoop with lip + 2 rows (front-row offset vs interior-row) 1`] = `4616`;

exports[`scoop > 2×2 scoop auto radius 1`] = `3816`;

exports[`scoop > 2×2 scoop disabled 1`] = `2732`;

exports[`scoop > 2×2 scoop radius 10mm 1`] = `3820`;

exports[`slotted variations > slotted with Y-axis slots 1`] = `3092`;

exports[`slotted variations > slotted with both axes 1`] = `3452`;

exports[`slotted variations > slotted without lip 1`] = `1380`;

exports[`solid cutouts > 2×2 solid with circle cutout 1`] = `2784`;

exports[`solid cutouts > 2×2 solid with curved path cutout (bezier handles) 1`] = `2700`;

exports[`solid cutouts > 2×2 solid with ellipse cutout 1`] = `3166`;

exports[`solid cutouts > 2×2 solid with grouped cutouts 1`] = `2578`;

exports[`solid cutouts > 2×2 solid with path cutout having closing bezier curve 1`] = `2740`;

exports[`solid cutouts > 2×2 solid with rectangle cutout 1`] = `2568`;

exports[`solid cutouts > 2×2 solid with rectangle with scoop cutout 1`] = `3244`;

exports[`solid cutouts > 2×2 solid with rotated 45° cutout 1`] = `2580`;

exports[`solid cutouts > 2×2 solid with rounded-rectangle cutout 1`] = `2696`;

exports[`solid cutouts > 2×2 solid with topOffset 1`] = `2560`;

exports[`solid cutouts > 2×2 solid with triangular path cutout 1`] = `2560`;

exports[`wall thickness > 2×2 thick (2.4mm) walls 1`] = `2700`;

exports[`wall thickness > 2×2 thin (0.4mm) walls 1`] = `2748`;
