// Vitest Snapshot v1, https://vitest.dev/guide/snapshot.html

exports[`honeycomb junction > 2×2 bin, 2×1 compartments + front + interior cutouts 1`] = `4824`;

exports[`honeycomb junction > 2×2 bin, 2×1 compartments + front cutout 1`] = `4760`;

exports[`honeycomb junction > 2×2 bin, 2×1 compartments, cutouts on (sides off) 1`] = `4632`;

exports[`honeycomb junction > 2×2 bin, 2×1 compartments, no cutouts 1`] = `4632`;

exports[`honeycomb junction > 2×2 bin, 2×2 compartments + interior cutouts 1`] = `4436`;

exports[`honeycomb junction > 2×2 bin, 2×2 compartments, no cutouts 1`] = `4292`;

exports[`honeycomb junction > 2×2×4 honeycomb baseline (no dividers) 1`] = `4284`;
